>aa1;0_0_450
------------------------------------------------------------
------------------------------------------------------------
------------------------------------------------------------
------------------------------------------------------------
------------------------------------------------------------
---------------------------atgttcaaacccgacgcgcgtttcctcaaacag
cgctacctcgacgaggcacacgccttcttcgagaaacgcggcccgttcgcgatcgtgatc
gcccggttcgtacccatcgtgcgcaccttggcccccatcacggccggcgccgcccgaatg
agctacccgatcttcgcgttgtacaacatcgtgggcgcggtggtctggggcgtcggcatc
acgctgctcggctactggcttggccagttcccgatcatccagaagctgctggagccgatc
ttcattctgatcgtgctggcctcggtggcgccgatgttcttggaatggatgcgccgccgc
aaggccggaaagaccgccgagggctccgagacaccgaccggggcctga
>aa2;1_0_813
gtgatcctggcttcgtcgacgaccaccctggccctcatgcccagcttcctggaccccgtc
aagctgctcgggcagttcggaaccttggcgctgctcgggttgctggtggtgatcttcgtc
gaatcgggtgtgctgttcccggtgttgcccggcgactcgctgctgttcgtggcgggcatg
ctggcggcggggagcgccgcggccgcggccgccgagggcgctccacaggccaacttccag
ctctggcagctcttggtgttcatcccgatcgcggccatcctgggcgggcaggtcggatac
tggatcggccgcggcatcggtacctcgatgttcaaacccgacgcgcgtttcctcaaacag
cgctacctcgacgaggcacacgccttcttcgagaaacgcggcccgttcgcgatcgtgatc
gcccggttcgtacccatcgtgcgcaccttggcccccatcacggccggcgccgcccgaatg
agctacccgatcttcgcgttgtacaacatcgtgggcgcggtggtctggggcgtcggcatc
acgctgctcggctactggcttggccagttcccgatcatccagaagctgctggagccgatc
ttcattctgatcgtgctggcctcggtggcgccgatgttcttggaatggatgcgccgccgc
aaggccggaaagaccgccgagggctccgagacaccgaccggggcctga
>aa3;2_0_0
------------------------------------------------------------
------------------------------------------------------------
---------------------------------------------------------atg
ctggcggcggggagcgccgcggccgcggccgccgagggcgctccacaggccaacttccag
ctctggcagctcttggtgttcatcccgatcgcggccatcctgggcgggcaggtcggatac
tggatcggccgcggcatcggtacctcgatgttcaaacccgacgcgcgtttcctcaaacag
cgctacctcgacgaggcacacgccttcttcgagaaacgcggcccgttcgcgatcgtgatc
gcccggttcgtacccatcgtgcgcaccttggcccccatcacggccggcgccgcccgaatg
agctacccgatcttcgcgttgtacaacatcgtgggcgcggtggtctggggcgtcggcatc
acgctgctcggctactggcttggccagttcccgatcatccagaagctgctggagccgatc
ttcattctgatcgtgctggcctcggtggcgccgatgttcttggaatggatgcgccgccgc
aaggccggaaagaccgccgagggctccgagacaccgaccggggcctga
>aa4;3_0_1050
gtgatcctggcttcgtcgacgaccaccctggccctcatgcccagcttcctggaccccgtc
aagctgctcgggcagttcggaaccttggcgctgctcgggttgctggtggtgatcttcgtc
gaatcgggtgtgctgttcccggtgttgcccggcgactcgctgctgttcgtggcgggcatg
ctggcggcggggagcgccgcggccgcggccgccgagggcgctccacaggccaacttccag
ctctggcagctcttggtgttcatcccgatcgcggccatcctgggcgggcaggtcggatac
tggatcggccgcggcatcggtacctcgatgttcaaacccgacgcgcgtttcctcaaacag
cgctacctcgacgaggcacacgccttcttcgagaaacgcggcccgttcgcgatcgtgatc
gcccggttcgtacccatcgtgcgcaccttggcccccatcacggccggcgccgcccgaatg
agctacccgatcttcgcgttgtacaacatcgtgggcgcggtggtctggggcgtcggcatc
acgctgctcggctactggcttggccagttcccgatcatccagaagctgctggagccgatc
ttcattctgatcgtgctggcctcggtggcgccgatgttcttggaatggatgcgccgccgc
aaggccggaaagaccgccgagggctccgagacaccgaccggggcctga
