>aa1;0_0_225
------------------------------------------------------------
------------------------------------------------------------
------------------------------------------------------------
------------------------------------------------------------
------------------------------------------------------------
------------------------------------------------------------
------------------------------------------------------------
------------------------------------------------------------
----------------------------------------------------------at
gtgggccgcgacagcgttccatccagacggatatttcaccgccgtcatccggccgccgac
gccccatgccaagtctgggagggtgaatatcaatgccgcacaagcaagtccggctgcaag
gtactgcgaagagcgctcgcgcaccgcgatgacggcggcggcacccgccactgcgtacgc
gggcatcgccaacgccacccatttctggccgtcgcgcaggatacctagccccggcacctc
ggtgatgagccaggtggtcagtgtcaacccgggcccggtcgccagcagggccggaataat
cacggctgcaacggctatgcccagcaatccgagagccttgcgcgcgcgccacaacaccgc
cgcaccgaccgcgaccacgataagcagca--------------ccaccgagaacaccagc
gcgaacaaggtcgtgcgtgaggcgggcaccgccgacgcgttccacatgccgcccaatgag
gccagactgccgagggtgcccagtcccggctcggcccgtgccgcgaacgcgtggaccccc
gccgcgtccccggccggtacggcggctcccagccccgatgccaccagccacggcatcgcg
gcgagcaccgaaatcgccagcacaccaacccttgaccggcgatccgttgccgcggcaagc
ccgactatcagcgccaacaccgtccccgttggcgtgagtccggccaccgcgatccagaac
gcgagtggacaccaagcgccaagattggttgccgtgcgcagccggatgacggtcagcgcg
atccacggtagacagccatag---------------------------------------
------------------------------------------------------------
------------------------------------------------------------
------------------------------------------------------------
------------------------------------------------------------
------------------------------------------------------------
------------------------------------------------------------
--
>_R_aa2;1_0_589
tcagttgtccgaatcaggtgtacagatcttgggatcctgggtgccacccgaccccacctg
ccgcgtgtgctggcggcgaaacacggcgaccccgcccgccgcgagcaacgcgatccacac
caggtgcgccgcgatgacggcggcccgccggcccgggggtgccgcgatggggttccacgg
gccgggcacccggtacagcgcgatatcgccgtcgcggtaggccgtgtcgagttgtgccag
tgttttcgacgaaaccgcttgttggccaggggtgtctgcctgcacgacaacccagccgac
gccgtgcgccgctagttcccgcggcgcggctccggcacgcagcagttcctcgacctggcg
cccgcgagtaccgtcgccgcgcacatcgtgcccgtcgacacgcaagtcgccgctgctcac
cgtgtcggcgcgaatccagcgaggaaatggatccagcactgggatcgacgacggccccca
cgggtactggcgcatggtctccggcggtagcaccgccactggatgtggatcggcattgat
gtgggccgcgacagcgttccatccagacggatatttcaccgccgtcatccggccgccgac
gccccatgccaagtctgggagggtgaatatcaatgccgcacaagcaagtccggctgcaag
gtactgcgaagagcgctcgcgcaccgcgatgacggcggcggcacccgccactgcgtacgc
gggcatcgccaacgccacccatttctggccgtcgcgcaggatacctagccccggcacctc
ggtgatgagccaggtggtcagtgtcaacccgggcccggtcgccagcagggccggaataat
cacggctgcaacggctatgcccagcaatccgagagccttgcgcgcgcgccacaacaccgc
cgcaccgaccgcgaccacgataagcagca--------------ccaccgagaacaccagc
gcgaacaaggtcgtgcgtgaggcgggcaccgccgacgcgttccacatgccgcccaatgag
gccagactgccgagggtgcccagtcccggctcggcccgtgccgcgaacgcgtggaccccc
gccgcgtccccggccggtacggcggctcccagccccgatgccaccagccacggcatcgcg
gcgagcaccgaaatcgccagcacaccaacccttgaccggcgatccgttgccgcggcaagc
ccgactatcagcgccaacaccgtccccgttggcgtgagtccggccaccgcgatccagaac
gcgagtggacaccaagcgccaagattggttgccgtgcgcagccggatgacggtcagcgcg
atccacggtagacagccatagccgaccagcaggctccagtgtccttgtagaagccgctcg
gccacatagggattccagatggcgatggtggccgccactagttctcccggaatacccgcg
gccggcaccagttgggcggcaagacgtgccgcgccccatccggcaagccataatcccagc
gcgagaagcatcttgaccaggactccaccgtcgaccagcaccgtcatgaccgcaatgaag
aagtcttgagggacggcacgcggggcggcttcaccgacacccagtgcggtatcggtcaca
tacgaccgcggcgtcgagacggcatcgcgaatcagcagatagccgggggcagccagaggg
gcggtgacggccgccgccaaagccagtgcgtagagcggggggataaggcctatgcggcgc
aa
>_R_aa4;3_0_1275
tcagttgtccgaatcaggtgtacagatcttgggatcctgggtgccacccgaccccacctg
ccgcgtgtgctggcggcgaaacacggcgaccccgcccgccgcgagcaacgcgatccacac
caggtgcgccgcgatgacggcggcccgccggcccgggggtgccgcgatggggttccacgg
gccgggcacccggtacagcgcgatatcgccgtcgcggtaggccgtgtcgagttgtgccag
tgttttcgacgaaaccgcttgttggccaggggtgtctgcctgcacgacaacccagccgac
gccgtgcgccgctagttcccgcggcgcggctccggcacgcagcagttcctcgacctggcg
cccgcgagtaccgtcgccgcgcacatcgtgcccgtcgacacgcaagtcgccgctgctcac
cgtgtcggcgcgaatccagcgaggaaatggatccagcactgggatcgacgacggccccca
cgggtactggcgcatggtctccggcggtagcaccgccactggatgtggatcggcattgat
gtgggccgcgacagcgttccatccagacggatatttcaccgccgtcatccggccgccgac
gccccatgccaagtctgggagggtgaatatcaatgccgcacaagcaagtccggctgcaag
gtactgcgaagagcgctcgcgcaccgcgatgacggcggcggcacccgccactgcgtacgc
gggcatcgccaacgccacccatttctggccgtcgcgcaggatacctagccccggcacctc
ggtgatgagccaggtggtcagtgtcaacccgggcccggtcgccagcagggccggaataat
cacggctgcaacggctatgcccagcaatccgagagccttgcgcgcgcgccacaacaccgc
cgcaccgaccgcgaccacgataagcagca--------------ccaccgagaacaccagc
gcgaacaaggtcgtgcgtgaggcgggcaccgccgacgcgttccacatgccgcccaatgag
gccagactgccgagggtgcccagtcccggctcggcccgtgccgcgaacgcgtggaccccc
gccgcgtccccggccggtacggcggctcccagccccgatgccaccagccacggcatcgcg
gcgagcaccgaaatcgccagcacaccaacccttgaccggcgatccgttgccgcggcaagc
ccgactatcagcgccaacaccgtccccgttggcgtgagtccggccaccgcgatccagaac
gcgagtggacaccaagcgccaagattggttgccgtgcgcagccggatgacggtcagcgcg
atccacggtagacagccatagccgaccagcaggctccagtgtccttgtagaagccgctcg
gccacatagggattccagatggcgatggtggccgccactagttctcccggaatacccgcg
gccggcaccagttgggcggcaagacgtgccgcgccccatccggcaagccataatcccagc
gcgagaagcatcttgaccaggactccaccgtcgaccagcaccgtcatgaccgcaatgaag
aagtcttgagggacggcacgcggggcggcttcaccgacacccagtgcggtatcggtcaca
tacgaccgcggcgtcgagacggcatcgcgaatcagcagatagccgggggcagccagaggg
gcggtgacggccgccgccaaagccagtgcgtagagcggggggataaggcctatgcggcgc
aa
>_R_aa3;2_refound_4
------------------------------------------------------------
------------------------------------------------------------
------------------------ccgccggcccgggggtgccgcgatggggttccacgg
gccgggcacccggtacagcgcgatatcgccgtcgcggtaggccgtgtcgagttgtgccag
tgttttcgacgaaaccgcttgttggccaggggtgtctgcctgcacgacaacccagccgac
gccgtgcgccgctagttcccgcggcgcggctccggcacgcagcagttcctcgacctggcg
cccgcgagtaccgtcgccgcgcacatcgtgcccgtcgacacgcaagtcgccgctgctcac
cgtgtcggcgcgaatccagcgaggaaatggatccagcactgggatcgacgacggccccca
cgggtactggcgcatggtctccggcggtagcaccgccactggatgtggatcggcattgat
gtgggccgcgacagcgttccatccagacggatatttcaccgccgtcatccggccgccgac
gccccatgccaagtctgggagggtgaatatcaatgccgcacaagcaagtccggctgcaag
gtactgcgaagagcgctcgcgcaccgcgatgacggcggcggcacccgccactgcgtacgc
gggcatcgccaacgccacccatttctggccgtcgcgcaggatacctagccccggcacctc
ggtgatgagccaggtggtcagtgtcaacccgggcccggtcgccagcagggccggaataat
cacggctgcaacggctatgcccagcaatccgagagccttgcgcgcgcgccacaacaccgc
cgcaccgaccgcgaccacgataagcagcannnnnnnnnnnnnnnnnnnnnnnnnnnnnnn
nnnnnnnnnnnnnnnnnnnnnnnnnnnnnnnnnnnnnnnnnnnnnnnnnnnnnnnnnnnn
nnnnnnnnnnnnnnnnnnnnnnnnnnnnnnnnnnnnnnnnnnnnnnnnnnnnnnnnnnnn
nnnnnnnnnnnnnnnnnnnnnnnnnnnnnnnnnnnnnnnnnnnnnnnnnnnnnnnnnnnn
nnnnnnnnnnnnnnnnnnnnnnnnnnnnnnnnnnnnnnnnnnnnnnntgccgcggcaagc
ccgactatcagcgccaacaccgtccccgttggcgtgagtccggccaccgcgatccagaac
gcgagtggacaccaagcgccaagattggttgccgtgcgcagccggatgacggtcagcgcg
atccacggtagacagccatagccgaccagcaggctccagtgtccttgtagaagccgctcg
gccacatagggattccagatggcgatggtggccgccactagttctcccggaatacccgcg
gccggcaccagttgggcggcaagacgtgccgcgccccatccggcaagccataatcccagc
gcgagaagcatcttgaccaggactccaccgtcgaccagcaccgtcatgaccgcaatgaag
aagtcttgagggacggcacgcggggcggcttcaccgacacccagtgcggtatcggtcaca
tacgaccgcggcgtcgagacggcatcgcgaatcagcagatagccgggggcagccagaggg
gcggtgacggccgccgccaaagccagtgcgtagagcggggggataaggcctatgcggcgc
aa
