>aa1;0_0_375
------------------------------------------------------------
------------------------------------------------------------
------------------------------------------------------------
------------------------------------------------------------
------------------------------------------------------------
------------------------------------------------------------
------------------gtgcactcgcagccgggcgacaaggtccagtacaacgccttt
gatccggaactgcagaagtgggtggcggtctgcctctacaagggattcgtcgatgtgtac
gaggccttcgtggggccgctgaccggcgagacggccgagcggtgcttgcaggaaggggcc
gtcatgggcaccaccttgcagatgccgctggcgatgtggccgaagtcgtgcgcggaattc
gacgagtactgggcacagtccatggatctggtgcatatcgacgatcacgtccgtccgtat
ctgtaccgcatcgcatcggcgtccatcgcggtgccgccgttcatgcgcggtccagtgggt
gccttttcgcgcttcatcaccaccgggttcttgccgcaacgattccgcgatgagatgggg
ttcgcctgggacccttcccgggagcggatgttccggtggctgctcgccgtgctcgggctg
gcggcccgtctgctgcccaacgggttgcggcgcttccccttcaacgcgttgatgctggac
ctcgactggcgcattcgtacgggccgcccactggtctga
>aa2;1_0_739
atggtgactatcgaacaggtgtcggaagctgaagcgcagctcgcgggcgatggcggcccg
ggcacgcggagccgccgcaatgagccggtgccgccggccgcgccgctgtccccgtggtgg
tcttggcggcgccggcccacggtggcggacaacttcatgggtctggccttgctgggcgga
ccggccaacatcatcatgcagctcgcgcggcccggagtggggtatggcgtcgtcgacagc
aaggtcgagagcgggcgtgcagatctgcatcccatcaaacgggcgcgaaccaccttcaca
ttcctggcggtcgccacactgggcactccggagcagaaggcggccttccgaaaggcgacc
aatcgggcacacgcgcaggtgcactcgcagccgggcgacaaggtccagtacaacgccttt
gatccggaactgcagaagtgggtggcggtctgcctctacaagggattcgtcgatgtgtac
gaggccttcgtggggccgctgaccggcgagacggccgagcggtgcttgcaggaaggggcc
gtcatgggcaccaccttgcagatgccgctggcgatgtggccgaagtcgtgcgcggaattc
gacgagtactgggcacagtccatggatctggtgcatatcgacgatcacgtccgtccgtat
ctgtaccgcatcgcatcggcgtccatcgcggtgccgccgttcatgcgcggtccagtgggt
gccttttcgcgcttcatcaccaccgggttcttgccgcaacgattccgcgatgagatgggg
ttcgcctgggacccttcccgggagcggatgttccggtggctgctcgccgtgctcgggctg
gcggcccgtctgctgcccaacgggttgcggcgcttccccttcaacgcgttgatgctggac
ctcgactggcgcattcgtacgggccgcccactggtctga
>aa3;2_0_75
atggtgactatcgaacaggtgtcggaagctgaagcgcagctcgcgggcgatggcggcccg
ggcacgcggagccgccgcaatgagccggtgccgccggccgcgccgctgtccccgtggtgg
tcttggcggcgccggcccacggtggcggacaacttcatgggtctggccttgctgggcgga
ccggccaacatcatcatgcagctcgcgcggcccggagtggggtatggcgtcgtcgacagc
aaggtcgagagcgggcgtgcagatctgcatcccatcaaacgggcgcgaaccaccttcaca
ttcctggcggtcgccacactgggcactccggagcagaaggcggccttccgaaaggcgacc
aatcgggcacacgcgcaggtgcactcgcagccgggcgacaaggtccagtacaacgccttt
gatccggaactgcagaagtgggtggcggtctgcctctacaagggattcgtcgatgtgtac
gaggccttcgtggggccgctgaccggcgagacggccgagcggtgcttgcaggaaggggcc
gtcatgggcaccaccttgcagatgccgctggcgatgtggccgaagtcgtgcgcggaattc
gacgagtactgggcacagtccatggatctggtgcatatcgacgatcacgtccgtccgtat
ctgtaccgcatcgcatcggcgtccatcgcggtgccgccgttcatgcgcggtccagtgggt
gccttttcgcgcttcatcaccaccgggttcttgccgcaacgattccgcgatgagatgggg
ttcgcctgggacccttcccgggagcggatgttccggtggctgctcgccgtgctcgggctg
gcggcccgtctgctgcccaacgggttgcggcgcttccccttcaacgcgttgatgctggac
ctcgactggcgcattcgtacgggccgcccactggtctga
>aa4;3_0_1125
atggtgactatcgaacaggtgtcggaagctgaagcgcagctcgcgggcgatggcggcccg
ggcacgcggagccgccgcaatgagccggtgccgccggccgcgccgctgtccccgtggtgg
tcttggcggcgccggcccacggtggcggacaacttcatgggtctggccttgctgggcgga
ccggccaacatcatcatgcagctcgcgcggcccggagtggggtatggcgtcgtcgacagc
aaggtcgagagcgggcgtgcagatctgcatcccatcaaacgggcgcgaaccaccttcaca
ttcctggcggtcgccacactgggcactccggagcagaaggcggccttccgaaaggcgacc
aatcgggcacacgcgcaggtgcactcgcagccgggcgacaaggtccagtacaacgccttt
gatccggaactgcagaagtgggtggcggtctgcctctacaagggattcgtcgatgtgtac
gaggccttcgtggggccgctgaccggcgagacggccgagcggtgcttgcaggaaggggcc
gtcatgggcaccaccttgcagatgccgctggcgatgtggccgaagtcgtgcgcggaattc
gacgagtactgggcacagtccatggatctggtgcatatcgacgatcacgtccgtccgtat
ctgtaccgcatcgcatcggcgtccatcgcggtgccgccgttcatgcgcggtccagtgggt
gccttttcgcgcttcatcaccaccgggttcttgccgcaacgattccgcgatgagatgggg
ttcgcctgggacccttcccgggagcggatgttccggtggctgctcgccgtgctcgggctg
gcggcccgtctgctgcccaacgggttgcggcgcttccccttcaacgcgttgatgctggac
ctcgactggcgcattcgtacgggccgcccactggtctga
