>aa1;0_0_0
------------------------------------------------------------
------------------------------------------------------------
------------------------------------------------------------
------------------------------------------------------------
------------------------------------------------------------
------------------------------------------------------------
------------------------------------------------------------
------------------------------------------------------------
------------------------------------------------------------
------------------------------------------------------------
------------------------------------------------------------
------------------------------------------------------------
------------------------------------------------------------
------------------------------------------------------------
------------------------------------------------------------
------------------------------------------------------------
------------------------------------------------------------
------------------------------------------------------------
------------------------------------------------------------
------------------------------------------------------------
------------------------------------------------------------
------------------------------------------------------------
------------------------------------------------------------
------------------------------------------------------------
------------------------------------------------------------
------------------------------------------------------------
------------------------------------------------------------
------------------------------------------------------------
------------------------------------------------------------
------------------------------------------------------------
------------------------------------------------------------
------------------------------------------------------------
------------------------------------------------------------
------------------------------------------------------------
------------------------------------------------------------
------------------------------------------------------------
------------------------------------------------------------
------------------------------------------------------------
------------------------------------------------------------
------------------------------------------------------------
------------------------------------------------------------
------------------------------------------------------------
---------------atgaaagaagagctgggtgccggtatcaatacgggcatcattcga
gcgatgggtgggaccggcaaagtggtcacctcggcgggtctggtcttcgcgttcaccatg
ttgtccatggtggtcagcgacctccgggtgatcgggcaggttggctccaccatcgggatc
ggcttgttgttcgacactctggtggtgcgggcattcatgacaccggccatcgcggcgctg
ttggggcggtggttctggtggccacaacggatacgccgccggcccgccataacgtcacaa
gcgcctgctgagcgccggatgagagtactgcttgatgcctga
>aa2;1_0_364
atgagtatccaccggatgagtggccggccgccgctgctggccgggttgattcgacggctc
tccgtaccgatcatcctcggctggttgggcatgatagccatcgtcacgttcgctgttcct
tcgctggagcaggtcggtcgggaaagctcggtgtctctggttcctcaagcggcgccgtcc
tttcgggcgatgcagcggatgggcgaggtgttcggagagtcgaattccgacagcgtggcg
atggtcgtgttggagggacaacaaccactggatgacgaggcgcacgcctactacgactcg
ctggttcggcagctgggagccgataccacccacgtgcagcacattcaggactactggggc
gatccgctgaccgcgagtggtgtgcagagcggcgatggcaagagcgtgtatgtacagatc
agtctcgcaggcaaccaggggcaggccttggccaataagtcagtggaggcggtccggagc
atcgtggaacgctctgcgccaccgccgggagtgcaggcctacgttacgggaccggcgccg
ctggtgacggacatgaacgatgccgggaactcgtccattatcaagatcaccgcggtcacg
ctcgtggtgatcttcacgatgctgctcttcgtgtatcgctcggtgatgaccgtgattctc
ctgctgatcatggtgggaattcaggtacaagcggcccgcggtatcgtcgcgttcttgggc
gaccaaggggtgattgggctttcgaccttctcggtgaacttgctggtatcactcggcatc
gctgtcggaacggactacggcatattcttcaccgggcgatatcaggaagcgcgccagtgc
ggcgaagaccgcgagaccgccttctacaccacctacagcggtgtcgcgaaggtcgtagtg
gcctccgggctgacgattgccggagctatcttctgccttagtttcacgcggctgccctat
ttccagaccatgggtatacccgctgcgatcggcatggcggtggcggtagccgtggcggtg
acgctggtgcctgcggtcatcagcttcggcagtcgattcgggttattcgagcccaagaga
agaatgatggtccgcagatggcgctggatcggcacggcgaccgtccgttggccgggcccc
atcctggcggcggcttgcgcggtcgggttagtgggcctgctggctctgcccggttatcag
accagctacgacgacagactgtatgtgccccaggatattcccgccaacgtgggttatgcg
gcagcgcagcggcacttccccgagtcgcgcatgacgcccgatgtcatgcttcttgaagca
gaccacgatatgcgcaatcccgcggacttcgtggttctgcacaaactggccaagggcctc
ttcgccgtaccgggaatttccatggtgcagagcattactcggccggaaggcagtccgatc
gagcggacatcgataccgttccagatcagtctgcagagcgcaggcatgttgcagattctg
ccgttcgggaaagaacgcgtggacgacatgttgaagcaggccgaggacacgaccaagatg
atcaaccagatgcagcacacctatgagttgatgagcaacatctccggcatcaccaacgaa
acggtcgtcatgaaccgagagctgacggcgaccgtggataggctgcgagattacatcgcc
aacttcgatgatttcttcaagccactgcgcaattacctctactgggaaaagcattgcgag
accatcccgatctgcttcgcgatcaggtcagtgttccaggcacttgacggtaccgatctg
ctcagtgagcgcactcaccggattctcgaacgcgtcgaggagatgaacctgtaccagcgg
gagttgatcgccctattcccgcccatgatcacgaccatgaaatcaatgcgcgccatgatg
ctgacgatgcacagcaccatgtcgggaatcttctctctcatcgaccaaaccgccgcgaat
gccagcgcgatgggaaagatctacgacggcgcccagaacgacgattcgttctatctgcca
ccggaggtgttcgagaacgaagacttcaaacgagctatgtctctgttcttttcaccggat
ggaaaggctgttcgactcatccttacctatcggggtgatccgggaaccccggacagcctt
tcgcgggtgaatgccgtgcggttggcggcccaggaggcgctcaaggtaacgccgctggag
aatgccacgattcatctggcgggtaccgcggcgactttcaaggatctacgggacggttcg
gcctatgacctcttgatcgcgggtgtggctgcgctgtgcctgattttcggaatcatgttg
atcatgacgcgcagctttgtcgctgcgctggtaatcgttggcacggtggctctttcgttg
ggggccgcgtttggtctgtccgttctgatctggcagaacatccttggtattgaactgcat
tggctggtgttggcgatgtcggtgatcatcttgttggcggtggggtccgattacaacctg
ctgttggtgtcgcgtatgaaagaagagctgggtgccggtatcaatacgggcatcattcga
gcgatgggtgggaccggcaaagtggtcacctcggcgggtctggtcttcgcgttcaccatg
ttgtccatggtggtcagcgacctccgggtgatcgggcaggttggctccaccatcgggatc
ggcttgttgttcgacactctggtggtgcgggcattcatgacaccggccatcgcggcgctg
ttggggcggtggttctggtggccacaacggatacgccgccggcccgccataacgtcacaa
gcgcctgctgagcgccggatgagagtactgcttgatgcctga
>aa3;2_0_449
---------------atgagtggccggccgccgctgctggccgggttgattcgacggctc
tccgtaccgatcatcctcggctggttgggcatgatagccatcgtcacgttcgctgttcct
tcgctggagcaggtcggtcgggaaagctcggtgtctctggttcctcaagcggcgccgtcc
tttcgggcgatgcagcggatgggcgaggtgttcggagagtcgaattccgacagcgtggcg
atggtcgtgttggagggacaacaaccactggatgacgaggcgcacgcctactacgactcg
ctggttcggcagctgggagccgataccacccacgtgcagcacattcaggactactggggc
gatccgctgaccgcgagtggtgtgcagagcggcgatggcaagagcgtgtatgtacagatc
agtctcgcaggcaaccaggggcaggccttggccaataagtcagtggaggcggtccggagc
atcgtggaacgctctgcgccaccgccgggagtgcaggcctacgttacgggaccggcgccg
ctggtgacggacatgaacgatgccgggaactcgtccattatcaagatcaccgcggtcacg
ctcgtggtgatcttcacgatgctgctcttcgtgtatcgctcggtgatgaccgtgattctc
ctgctgatcatggtgggaattcaggtacaagcggcccgcggtatcgtcgcgttcttgggc
gaccaaggggtgattgggctttcgaccttctcggtgaacttgctggtatcactcggcatc
gctgtcggaacggactacggcatattcttcaccgggcgatatcaggaagcgcgccagtgc
ggcgaagaccgcgagaccgccttctacaccacctacagcggtgtcgcgaaggtcgtagtg
gcctccgggctgacgattgccggagctatcttctgccttagtttcacgcggctgccctat
ttccagaccatgggtatacccgctgcgatcggcatggcggtggcggtagccgtggcggtg
acgctggtgcctgcggtcatcagcttcggcagtcgattcgggttattcgagcccaagaga
agaatgatggtccgcagatggcgctggatcggcacggcgaccgtccgttggccgggcccc
atcctggcggcggcttgcgcggtcgggttagtgggcctgctggctctgcccggttatcag
accagctacgacgacagactgtatgtgccccaggatattcccgccaacgtgggttatgcg
gcagcgcagcggcacttccccgagtcgcgcatgacgcccgatgtcatgcttcttgaagca
gaccacgatatgcgcaatcccgcggacttcgtggttctgcacaaactggccaagggcctc
ttcgccgtaccgggaatttccatggtgcagagcattactcggccggaaggcagtccgatc
gagcggacatcgataccgttccagatcagtctgcagagcgcaggcatgttgcagattctg
ccgttcgggaaagaacgcgtggacgacatgttgaagcaggccgaggacacgaccaagatg
atcaaccagatgcagcacacctatgagttgatgagcaacatctccggcatcaccaacgaa
acggtcgtcatgaaccgagagctgacggcgaccgtggataggctgcgagattacatcgcc
aacttcgatgatttcttcaagccactgcgcaattacctctactgggaaaagcattgcgag
accatcccgatctgcttcgcgatcaggtcagtgttccaggcacttgacggtaccgatctg
ctcagtgagcgcactcaccggattctcgaacgcgtcgaggagatgaacctgtaccagcgg
gagttgatcgccctattcccgcccatgatcacgaccatgaaatcaatgcgcgccatgatg
ctgacgatgcacagcaccatgtcgggaatcttctctctcatcgaccaaaccgccgcgaat
gccagcgcgatgggaaagatctacgacggcgcccagaacgacgattcgttctatctgcca
ccggaggtgttcgagaacgaagacttcaaacgagctatgtctctgttcttttcaccggat
ggaaaggctgttcgactcatccttacctatcggggtgatccgggaaccccggacagcctt
tcgcgggtgaatgccgtgcggttggcggcccaggaggcgctcaaggtaacgccgctggag
aatgccacgattcatctggcgggtaccgcggcgactttcaaggatctacgggacggttcg
gcctatgacctcttgatcgcgggtgtggctgcgctgtgcctgattttcggaatcatgttg
atcatgacgcgcagctttgtcgctgcgctggtaatcgttggcacggtggctctttcgttg
ggggccgcgtttggtctgtccgttctgatctggcagaacatccttggtattgaactgcat
tggctggtgttggcgatgtcggtgatcatcttgttggcggtggggtccgattacaacctg
ctgttggtgtcgcgtatgaaagaagagctgggtgccggtatcaatacgggcatcattcga
gcgatgggtgggaccggcaaagtggtcacctcggcgggtctggtcttcgcgttcaccatg
ttgtccatggtggtcagcgacctccgggtgatcgggcaggttggctccaccatcgggatc
ggcttgttgttcgacactctggtggtgcgggcattcatgacaccggccatcgcggcgctg
ttggggcggtggttctggtggccacaacggatacgccgccggcccgccataacgtcacaa
gcgcctgctgagcgccggatgagagtactgcttgatgcctga
>aa4;3_0_1500
---------------atgagtggccggccgccgctgctggccgggttgattcgacggctc
tccgtaccgatcatcctcggctggttgggcatgatagccatcgtcacgttcgctgttcct
tcgctggagcaggtcggtcgggaaagctcggtgtctctggttcctcaagcggcgccgtcc
tttcgggcgatgcagcggatgggcgaggtgttcggagagtcgaattccgacagcgtggcg
atggtcgtgttggagggacaacaaccactggatgacgaggcgcacgcctactacgactcg
ctggttcggcagctgggagccgataccacccacgtgcagcacattcaggactactggggc
gatccgctgaccgcgagtggtgtgcagagcggcgatggcaagagcgtgtatgtacagatc
agtctcgcaggcaaccaggggcaggccttggccaataagtcagtggaggcggtccggagc
atcgtggaacgctctgcgccaccgccgggagtgcaggcctacgttacgggaccggcgccg
ctggtgacggacatgaacgatgccgggaactcgtccattatcaagatcaccgcggtcacg
ctcgtggtgatcttcacgatgctgctcttcgtgtatcgctcggtgatgaccgtgattctc
ctgctgatcatggtgggaattcaggtacaagcggcccgcggtatcgtcgcgttcttgggc
gaccaaggggtgattgggctttcgaccttctcggtgaacttgctggtatcactcggcatc
gctgtcggaacggactacggcatattcttcaccgggcgatatcaggaagcgcgccagtgc
ggcgaagaccgcgagaccgccttctacaccacctacagcggtgtcgcgaaggtcgtagtg
gcctccgggctgacgattgccggagctatcttctgccttagtttcacgcggctgccctat
ttccagaccatgggtatacccgctgcgatcggcatggcggtggcggtagccgtggcggtg
acgctggtgcctgcggtcatcagcttcggcagtcgattcgggttattcgagcccaagaga
agaatgatggtccgcagatggcgctggatcggcacggcgaccgtccgttggccgggcccc
atcctggcggcggcttgcgcggtcgggttagtgggcctgctggctctgcccggttatcag
accagctacgacgacagactgtatgtgccccaggatattcccgccaacgtgggttatgcg
gcagcgcagcggcacttccccgagtcgcgcatgacgcccgatgtcatgcttcttgaagca
gaccacgatatgcgcaatcccgcggacttcgtggttctgcacaaactggccaagggcctc
ttcgccgtaccgggaatttccatggtgcagagcattactcggccggaaggcagtccgatc
gagcggacatcgataccgttccagatcagtctgcagagcgcaggcatgttgcagattctg
ccgttcgggaaagaacgcgtggacgacatgttgaagcaggccgaggacacgaccaagatg
atcaaccagatgcagcacacctatgagttgatgagcaacatctccggcatcaccaacgaa
acggtcgtcatgaaccgagagctgacggcgaccgtggataggctgcgagattacatcgcc
aacttcgatgatttcttcaagccactgcgcaattacctctactgggaaaagcattgcgag
accatcccgatctgcttcgcgatcaggtcagtgttccaggcacttgacggtaccgatctg
ctcagtgagcgcactcaccggattctcgaacgcgtcgaggagatgaacctgtaccagcgg
gagttgatcgccctattcccgcccatgatcacgaccatgaaatcaatgcgcgccatgatg
ctgacgatgcacagcaccatgtcgggaatcttctctctcatcgaccaaaccgccgcgaat
gccagcgcgatgggaaagatctacgacggcgcccagaacgacgattcgttctatctgcca
ccggaggtgttcgagaacgaagacttcaaacgagctatgtctctgttcttttcaccggat
ggaaaggctgttcgactcatccttacctatcggggtgatccgggaaccccggacagcctt
tcgcgggtgaatgccgtgcggttggcggcccaggaggcgctcaaggtaacgccgctggag
aatgccacgattcatctggcgggtaccgcggcgactttcaaggatctacgggacggttcg
gcctatgacctcttgatcgcgggtgtggctgcgctgtgcctgattttcggaatcatgttg
atcatgacgcgcagctttgtcgctgcgctggtaatcgttggcacggtggctctttcgttg
ggggccgcgtttggtctgtccgttctgatctggcagaacatccttggtattgaactgcat
tggctggtgttggcgatgtcggtgatcatcttgttggcggtggggtccgattacaacctg
ctgttggtgtcgcgtatgaaagaagagctgggtgccggtatcaatacgggcatcattcga
gcgatgggtgggaccggcaaagtggtcacctcggcgggtctggtcttcgcgttcaccatg
ttgtccatggtggtcagcgacctccgggtgatcgggcaggttggctccaccatcgggatc
ggcttgttgttcgacactctggtggtgcgggcattcatgacaccggccatcgcggcgctg
ttggggcggtggttctggtggccacaacggatacgccgccggcccgccataacgtcacaa
gcgcctgctgagcgccggatgagagtactgcttgatgcctga
