>s0
ttcacgcagaaagcgtctagccatggcgttagtatgagtatcgtgcagcctccaggaccc
ctcctcccgggagagccatagtggtctgcggaaccggtgagtacaccggaattgccagga
cgaccgggtcctttcttggatcaacccgctcgatgcctggagatttgggcgtccccccgc
gagactgctagccgagtagtgttgggtcgcgaaaggccttgtggtactgcctgatagggt
gctcgagagt
>s1
ttcacgcagaaagcgtctagccatggcgttagtatgagtgtcgtgcagcctccaggaccc
cccctcccgggagagccatagtggtctgcggaaccggtgagtacaccggaattgcgagga
cgaccgggtcctttcttggatcaacccgctcgatgcctggagatttgggcgtgcccccgc
gagactgctagccgagtagtgttgggtcgcgaaaggccttgtggtactgcctgatagggt
gctcgagagt
