>s0
ccatggcgttagtatgagtgtcgtgcagcctccaggcccccccctcccgggagagccata
gtggtctgcggaaccggtgagtacaccggaatcgctggggtgaccgggtcctttcttgga
acaacccgctcaatacccagaaatttgggcgtgcccccgcgagatcactagccgagtagt
gttgggtcgcgaaaggccttgtggtactgcctgatagggtgcttgcgagt
>s1
ccatggcgttagtatgagtgtcgtgcagcctccaggcccccccctcccgggagagccata
gtggtctgcggaaccggtgagtacaccggaatcgctggggtgaccgggtcctttcttgga
acaacccgctcaatacccagaaatttgggcgtgcccccgcgagatcactagccgagtagt
gttgggtcgcgaaaggccttgtggtactgcctgatagggtgcttgcgagt
>s2
caatggcgttagtatgagtgtcgtgcagcctccaggcccccccctcccgggagagccata
gtggtctgcggaaccggtgagtacaccggaatcgctggggtgaccgggtcctttcttgga
acaacccgctcaatacccagaaatttgggcgtgcccccgcgagatcactagccgagtagt
gttgggtcgcgacaggccttgtggtactgcctgatagggtgcttgcgagt
