>s0
tgagtgtcgaa-cagcctccag-gaccccccctc-ccgggagagccatagtggtctgcgg
aaacggtgagtacaccggaattgccgggatgaccgggtcctttcttggataaacccgctc
aatgcccggagatttgggcgtgcccccgcgagactgctagccgagtagtgttgggtcgcg
aaaggccttgtggtactgcctgatagggtgcttgcgagtgccccgggaggtctcgtagac
cg-tgcaacatgagcacgaatcctaaacctcaaagacaaaccaaaagagacaccaaccgt
>s1
tgagtgtcgaa-cagcctccag-gaccccccctcaccgggagagccatagtggtctgcgg
aaccggtgagtacaccggaattgccgggatgaccggatcctttcttggataaaacccgct
catgcccggagatttgggcgtgccaccgcgagactgcaagccgagtagtgttgggtcgcg
aaagccctcgtggtactgcctgatagggtgctggcgagtgccccgggaggtctcgtagac
cg-tgcaacatgagcacgaatcctaaacctcaaagaaaaaccaaaagaaacaccaaccg-
>s2
tgagtgacgaatcagcctccag-gaccccccctc-ccgggagagccatagtggtctgcgg
aaccggtgagtacaccggtattgccgggatgtccgggtcctttcttggatgaacccgctc
aatgcccggagatttgggcgtgcccccgcgagactgctagccgagtagtgttgggtcgcg
aaaggccttgtggtactgcctgatagggtgcttgcgagtgccccgggaggtctcgtagac
cgatgcaacataagcacgaatcctaaacctcaaagaaaaaccaaaagaaacaccaaccg-
>s3
tgagtgtcgaa-cagcctccag-gaccccccctc-ccgggagagccatagtggtctgcgg
aaccggtgagtacaccggaattgccgggatgaccgggtcctttcttggataaacccgctc
aatgcccggaggtttgggcgtgcccccgcgagactgctagccgagtagtgttgggtcgcg
aaaggcc-tgtggtactgcctgatagggtgcttgcgagtgccccgggaggtctcgtagac
cg-tgcaacatgagcacgaatcctcaacctcaaagaaaagccaaaagaaacaccaaccg-
>s4
agagtgtcgaa-cagcctccag-gaccccccctc-ccgggagagccatagtggtctgcgg
caccggtgagtacaccggaagtgccgggatgaccgggtcctttcttggataaacccgctc
aatgcccggagatttgggcgtg-ccccgcgagactgttagccgagtagtattgggtcgcg
aaaggccgtgtggtactgcctgatagggtgcttgcgagtgccccgggaggtctcgtagac
cg-tgcaacatgagcacgaatcctaaacctcaaagaaaaaccaaaagaaacaccaaccg-
>s5
tgagtgtcgaa-cagcctccagcgaccccccctc-ccgggagagccatagtggtctgcgg
aaccggtgagtacaccgg-attgccgggatgaccgggtcctttcttggataaacgcgctc
aatgcccggagatttgggcgtgcccccgcgagactgctagccgagcagtgttgggtcgcg
aaaggccttgtggtactg-ctgatagggtgcttgcgagtgccccgggaggtctcgtagac
cg-tgcaacatgatcacgaatcctaaacctcaaagaaaaaccaaaagaaacaccaaccg-
