>s0
ttcac-gcagaaagcgtctagccatggcgttagtatgagtgtcgtgcagcctccaggacc
ccccctcccgggagagccatagtggtctgcggaacctgtgagtacaccggaattgccagg
acgaccgggtcctttcttggataagcccgctcaatgcctggagatttgggc-gtgccccc
gcgagactgctagccgagtagtgttgggtcgcgaaaggccttgtggtactgcctgatagg
gtgctcgagagt
>s1
ttcac-gcagaaagcgtctaggcatggcgttagtatgagtgtcgtgcagcctccaggacc
ccccctcccgggagagccatagtggtctgcgg-accggtgagtacaccggaattgccagg
acgaccgggtcctttcttggataagcccgctcaatgcctggagatttgggc-gtgccccc
gcgagactgctagccgagtagtgttgggtcgcgaaaggccttgtggtactgcctgatagg
gtgctcgagagt
>s2
ttcac-gcagaaagcgtctagccatggcgttagtatgagtgtcgtgcagcctccaggacc
ccccctcccgggagagccatagtggtccgcggaaccggtgagtacaccggaattgccagg
acgaccgggtcctttcttggataagcccgctcaatgcctggagatttgggcagtgccccc
gcgagactgctagccgagtagtgttgggtcgcgaaaggccttgtggtactgcctgatagg
gtgctcgagagt
>s3
ttcac-gcagaaagcgtctagccatggcgttagtatgagtgtcgtgcagcctccaggacc
ccccctcccgggagagccatagtggtctgcggaaccggtgagtacaccggaattgccagg
acgaccgggtcctttcttggataagcccgctcaatgcctggagatttgggc-gtgccccc
gcgagactgctagccgagtagtgttgggtcgcgaaaggccttgtggtactgcctgatagg
gtgctcgagagt
>s4
ttcacagcagaaagcgtctagccatggcgttagtatgagtgtcgtgcagcctccaggacc
ccccctcccgggagagccatagtggtctgcggaaccggtgagtacaccggaattgccagg
acgaccgggtcctttcttggataagcccgctcaatgcctggagatttgggc-gtgccccc
gcgagactgctagccgagtagtgttgggtcgcgaaaggccttgtggtactgcctgatagg
gtgctcgagagt
