>s0
ccatggcgttagtatgagtgtcgtgcagcctccaggcccccccctcccgggagagccata
gtggtctgcgg-aaccggtgagtacaccggaatcgctggggtgaccgggtcctttcttgg
aacaacccgctcaatacccagaaatttgggcgtgc-ccccgcgagatcactagccgagta
gtgttgggtcgcgaaaggccttgtggtactgcctgataggg-gcttgcgagt
>s1
ccatggcgttagtatgagtgtcgtgcagcctccaggcccccccctcccgggagagccata
gtggtctgcgg-aaccggtgagtacaccggaatcgctggggtgaccgggtcctttcttgg
aacaacccgctcaatacccagaaatttgggcgtgc-ccccgcgagatcactagccgagta
gtgttgggtcgcgaaaggccttgtggtactgcctgatagggtgcttgcgagt
>s2
ccatggcgttagtatgagtgtcgtgcagcctccaggcccccccctcccgggagagccata
gtggtctgcggtaaccggtgagtacaccggaatcgctggggtgaccgggtcctttcttgg
aacaacccgctcaatccccagaaatttgggcgtgcgccccgcgagatcactagccgagta
gtgttgggtcgcgaaaggccttgtggtactgcctgatagggtgctggcgagt
>s3
ccatggcgttagtatgagtgtcgtgcagcctccaggcccccccctcccgggagagccata
gtggtctgcgg-caccggtgagtacaccggaatcgctggggtgaccgggtcctttcttgg
aacaacccgctcaatacccagaaatttgggcgtgc-ccccgcgaggtcactagccgagta
gtgttgggtcgcg-aaggccttgtggtactgcctgatagggtgcttgcgagt
>s4
ccatggcgttagtatgagtgtcgtgcagcctccaggcccccccctcccgggagagccatc
gtggtctgcgg-aaccggtgagtacaccggaatcgctggggtgaccgggtcctttcttgg
aacaacccgctcaatacccagaaatttgggcgtgc-ccccgcgagatcactagccgagta
gtgttgggtcgcgaaaggccttgtggtactgcctgatagggtgcttgcgagt
