>s0
cggttggtgtttcttttggtttttctttgaggtttacgattcgtgctcatgttgcacggt
ctacgagacctcccggggcactcgcaagcaccttatcaggcagtaccacaaggcctttcg
cgacccaacactactcggctagcagtctcgcgggggcacgcccaaatctccgggcattga
gcgcggtttatccaagaaaggacccggtcatcccggcaattccggtgtactcaccggttc
cgcagaccactatggctctcccgggagggggggtcctggaggctgttcgacactca
>s1
cggttggtgtttcttttggtttttctttgaggtttaggattcgtgctcatgttgcacggt
ctacgagacctcccggggcactcgcaagcaccctatcaggcagtaccacaaggcctttcg
cgacccaacactactcggctagcagtctcgcgggggcacgcccaaatctccgggcattga
gcg-ggtttatccaagaaaggacccggtcatcccggcaattccggtgtactcaccggttc
cgcagaccactatggctctcccgggagggggggtcctggaggctgttcgacactca
>s2
cggttggtgtttcttttggtttttctttgaggtttaggattcgtgctcatgttgcacggt
ctacgagacctcccggggcactcgcaagcaccctatcaggcagtaccacaaggcctttcg
cgacccaacactactcggctagcagtctcgcgggggcacgcccaaatctccgggcattga
gcg-ggtttatccaagaaaggacccggtcatcccggcaattccggtgtactcaccggttc
ctcagaccactatggctctcccgggagggggggtcctggaggctgttcgacactca
