>s0
tgagtgtcgaacagccgccagga-cccccctcccgggagagccatagtggtctgcggaac
cggtgagtacaccggaattg-ccgggctgaccgggtcgtttcttggataaacccgctcaa
tgcccggagatttgggcgtgccc-ccgcgagactgctagccgagtagtgttgggtcgcga
aaggccttgcggtactgcgcgata-gggtgcttgcgagtgcccaggaaggtctcgtag-c
-cgtgcaacat-tagca-gaagcctaaacctc-aaggaaaaaccaaaaga-accaccaac
cg
>s1
tgagtgtcgaacagcctccaggaccccccctcccggtagagccatagt-gtctgcggtac
cggtgagtacaccggaattg-ccgggatgaccgggtcctttcttggataaacccgctcaa
tgcccggaga-ttgggcgtgccc-ccgcgagactgctagccgagtaatggtgggtcgcga
aaggccttgtggtactgcctgata-gggtgcttgcgagtgccccggcaggtctcgtagac
tcgtacaacat-gagcacgaatcctaaacctc-aaagaaaaaccagaaga-aacaccaac
cg
>s2
tgagtgccgaacagcctccaggaccccccctcccgggagagccacagtggtctgcggtac
cggtgagtacaccggaattg-cctgcatgaccgggtcctttcttggataaacccgctcaa
tgcgcggagatgtgagcgtgccc-ccgcgagactgctagccgagtagtgtggggtcgcga
aaggccttgtggtacggcctgata-gggtgcttgcgagtgccccgggaggtctcatagac
-cgtgcaacat-gagcacgaatcctaaacgtcaaaagaaaaaccaaatga-aaccccaac
cg
>s3
agagtgtcgaacagcctccaggaccctccctcccgggagagccatagtggtctgcggaac
cggtgagtacaccggaattgcccgggatgaccgggtcctttcttggctaaacccgctcaa
cgcccggagatttgggcgtgccc-ccgcgagtctgctagccgagtagtgttgggtcgcga
aaggccttgtggtactgcctgataggggtgcttgcgagtgccccgggaggtc-cgtagac
-cgtgcaacatagagcacgaatcctaaacctc-aaagtaaaaccaaaaga-aacaccaac
cg
>s4
tgagtgtcgaacagcctccaggaccccacctcccgggagtgccatagtggtctgcggaac
cggtgagtacaccggatttg-ccgcgatgaccgggtcctttcttgtataaacccgctcaa
tgcccggagatttgggcgtgctcaccgcgagactgctagccgagtagtgttgggtcgcga
aaggccttctggtactgcctgata-gggtgcttgcgagtgccccgggaggtc-cgtagac
-cgtgcaacat-gagcacgaatcctaaacctc-aaagaaaaaccaaaagacaacatcaac
cg
