>s0
ccatggcgttagtatgagtgtcgtgcagactccaggcccccccctcccgggaaagccata
gtggtctgcggaaccggtgagtccaccggaatcgctggggtgaccgggtcctttcttgga
actacccgctcaatacccagaaatt-gggcgtgaccccgcgagatcactaa-ccgagtag
tgttgggtcgcgagaggacttgtggcactgcctgataggctgcttgcgagt
>s1
acatggcgttagtatgagtgtcgtgcagcctccaggccccccccgcccggg-gagccata
gtggtctgcgtaaccggtgagtacacgggaatcgctggggtgacccagtcctatcttgga
acaacccgctcaataccctgaaatttgggcgtgcccccgcgagatcactagagcgagaag
tgttgggtcgcgaaaggccttgtggtactgcctgatagggtgcttgagagt
>s2
ccatggcgttagtatgagtgtcgtgcagcctccaggcccccctctcccgggagagccatg
gtggtctgcggaaccggtgagtacaccggaatcgctggggtgaccgggtcct-tcttgga
aaaacccgctcaatacccagaagtttaggcgtccccccg-gagatcactag-ccgagtag
tgttgggtcgcgaaaggcattgtggtactgcctgatagggtgcttgcgagt
