>s0
ccatggcgttagtatgagtgtcgtgcagcctccaggcccccccctcccgggagagccata
gtggtctgcggaaccggtgagtacaccggaatcgctggggtgaccgggtcctttcttgga
ccaacccgctcaatacccagaaatttgggcgtgcccccgcgagatcactagccgagtagt
gttgggtcgcgaaaggccttgtggtactgcctgatagggtgcttgcgagt
>s1
ccatggcgttagtatgagtgtcgtgcagcctccaggcccccccctcccgggagagtcata
gtggtctgcggaaccggtgagtacaccggaatcgctggggtgaccgggtcctttcttgga
acaacccgctcaatacccagaaatttgggcgtgcccccgcgagatcactagccgagtagt
gttgggtcgcgaaaggccttgtggtactgcctgatagggtgcttgcgagt
>s2
ccatggcgttagtatgagtgtcgtgcagcctccaggcccccccctcccgggagagccata
gtggtctgcggaaccggtgagtacaccggaatcgctggggtgaccgggtcctttcttgga
acaacccgctcaatacccagaaatttgggcgtgcccccgcgagatcactagccgagtagt
gttgggtcgcgaaaggcc-tgtggtactgcctgatagggtgcttgcgagt
>s3
ccatggcgttagtatgagtgtcgcgcagcctccaggcccccccctcccgggagagccata
gtggtctgcggaaccggtgactacaccggaatcgctggggtgaccgggtcctttcttgga
acaacccgctcaatacccagaaatttgggcgtgcccccgcgagatcactagccgagtagt
gttgggtcgcgaaaggccttgtggtactgcctgatagggtgcttgcgagt
