>s0
ttcacgcagaaagcgtatagccatggcgttagtatgagtgtcgtgcagcctccaggaccc
cccct-cccgggagaaccatagtggtctgcggaaccggtgagtgacaccggaattgccag
-gacgaccgggtcctttcttggatcaacccgctcgatgcctggagatttgggcgtgcccc
cgcgggactgc-agcagagtagtgttgggtcgcgaaaggccttgtggtactgcctgatag
ggtgctcgagagt
>s1
ttcacgcagaaagcgtctagccatggcgtcagtatgagtgtcgtgcagcctccagtactc
cccctacccgggagagccatagtggtctgcggaacctgtgagt-acacc-gaattgccag
-gacgaccgggtcctatcttgcatcagcccgctcgatgcctggagatttgggcgtgcccc
cgcgagactactagccgagtagtgttgggtcgcgaaaggccttgtggtactgcctgatag
ggtgctcgagagt
>s2
ttcacgcagaaagcgtctagccatggcgttagtatgagtgtcgatcagcctctaggagca
cctct-cccgggagagccatagtggtctgcggaaccggtgagt-acaccggaattgccag
agacgaccgggtcctttcttggatcaacccgctcgatgcctggagatttgggcgtgcccc
cccgagacggctagccgagtagtgttgggtcgcgaaaggccttgtggaactgcctgatag
ggtgctcagag-t
