>s0
ccctggcgttagtatgagtgtcgtgcagcctccaggccccccccacccgggagagcca-t
agtggtctgcggaaccggtgagtacaccggaatcgctggggtgaccgggtcctttcttgg
aacaacccgctcaatacccagaaatttgggcgtgcccccgcgagatcactagccgagtag
tgttgggtcgcgaaaggccttgtggtactgcctgatagggtgcttgcgagt
>s1
ccatggcgttagtatgagtgtcgtgcagcctccaggcccccccctcccgggagag-ca-t
agtggtctgcggaaccggtgagtacaccggaatcgctggggtgaccgggtcctttcttgg
aacaacccgctcaatacccagaaatttgggcgtgcccccgcgagatcactagccgagtag
tgtcgggtcgcgaaaggccttgtggtactgcctgatagggtgcttgcgagt
>s2
ccatggcgttagtatgagtgtcgtgcagcctccaggcccccccctcccgggagagcca-t
agtggtctgcggaaccggtgagtacaccggaatcgctggggtgaccgggtcctttcttgg
aacaacccgctcaatacccagaaatttgggcgtgcccccgcgagatcactagccgagtag
tgttgggtcgcgaaaggccttgtggtactgcctgatagggtgcttgcgagt
>s3
ccatggcgttagtatgagtgtcgtgcagcctccaggcccccccctcccgggagagccatt
agtggtctgcggaaccggtgagtacaccggaatcgctggggtgaccgggtcctttcttgg
aacaacccgctcaatacccagaaatttgggcgtgcccccgcgagatcactagccgagtcg
tgttgggtcgcgaaaggccttgtggtactgcctgatagggtgcttgcgagt
