>s0
tgagtgtcgaacagcctccaggaccccccctcccgggagagccatagtggtctgcggaac
cggtgagtacaccggaattgccgggatgaccgggtcctttcttggataaacccgctcaat
gcccggatatttgggcgtgcccccgcgagtctgctagccgagtagtgttgggtcgcgaaa
ggccttgtggtcctgcctgatagggtgcttgcgagtgccccgggaggtctcgtagaccgt
gcaacatgagcacgcatcctaaacctcaaagaaaaaccaaaagaaacaccaaccg
>s1
tgagtgtggaacagcctccaggaccccccctcccgggagagctatagtggtctgcggaac
cggtgagtacaccggaattgccgggatgaccgggtcctttcttggataaacccgctcaat
gcccggagagttgggcgtgcccccgcgag-ctgctagccgagtagtgttgggtcgcgaaa
ggccttgtggtactgcctgatagggtgcttgcgagtgccccgggaggtctcgtagaccgt
gcaacatgagcaccaatcctaatcctcaaagaaaaaccaaaagaaacaccaaccg
>s2
tgagtgtcgaacagcctccaggaccccccctcccgggagagccatagtggtctgcggaac
cggttcgtacaccggaattgccgggatgaccgggtcctttcttggataaacccgctcaat
gcccgggt-tttgggcgtgcccccgcgaaactgctagccgagtaatgttgggtcgcgaaa
ggccttgtggtactgcctgatagggtgcttgcgagtgccccgggaggtctcgtagacagt
gcaacatgagtacgaatcctaaacctcaaagaaaaaccaaaagaaacaccaaccg
>s3
tgagtgtcgaacagcctccaggaccccccctcccgggagtgccatagtggtctgcggaac
cggtgagtacaccggaattgccgggatgaccgggtcctttcttggataaacccgctcaag
cccggagatttggagcgtgcccccgcgagactgctaaccgagtagtgtagggtcgcgaaa
ggccttgtggtactgcctgatacggtgcttgcgagtgccccgggaggtctcgtagaccgt
gcaacatgagcacgaatcctaaacctcaaagaaaaaccaaaagaaacaccaaccg
