>s0
ttcacgcagaaagcgtctagccatggcgttagtatgagtgtcgtgcagcct-caggaccc
cccctcccgggagagccatagtggtctgcggaaccggtgagtacaccggaattgccagga
cgaccgggtcctttcttggatcaacccgctcgatgcctggaga-ttgggcgtgcccccgc
gagactgctagccgagtagtgttgggtcgcgaaagtccttgtggtactgcctgatagggt
gctcgagagt
>s1
ttcacgcagaaagcgtctagccatggcgttagtatgagtgtcgtgcagcctccaggaccc
cccctcccgggagagccatagtggtctgcggaaccggtgagtgcaccggaattgccagga
cgaccgggtcctttcttggatcaacccgctcgatgcctggagatttgggcgtgcccccgc
gagactgctagccgagtagtgttgggtcgcgaaaggccttgtggtactgcctgatagggt
tctcgagagt
>s2
ttcacgcagaaagcgtctagccatggcgttagtatgagtgtcgtgcagcctccaggaccc
cccctcccgggagagccatagtggtctgcggaaccggtcagtacaccggaattgccagga
cgaccgggtcctttcttggatcaacccgctcgatgcctggagatttgggcgtgcccccgc
gagactgctagccgagtagtgttgggtcgcgaaaggccttgtggtactgcctgatagggt
gctcgagagt
