>s0
ttcacgcagaaagcgtctagccatggcgttagtatgagtgtcgtgcagcctccaggaccc
cccctcccgggagagccatagtggtctgcggaaccggtgagtacaccggaattgccagga
cgaccgggtcctttcttggataagcccgctcaatgcctggagatttgggcgtgcccccgc
gagactgctagccgagtagtgttgggtcgcgaaaggccttgtggtactgcctgatagggt
gctcgagagt
>s1
ttcacgcagaaagcgtctagccatggcgttagtatgagtgtcgtgcagcctccaggaccc
cccctaccgggagagccatagtggtctgcggaaccggtgagtacaccggaattgccagga
cgaccgggtcctttcttggataagcccgctcaatgcctggagatttgggcgtgcccccgc
gagactgctagccgagtagtgttgggtcgcgaaaggccttgtggtactgcctgatagggt
gctcgagagt
>s2
ttcacgcagaaagcgtctagccatggcgttagtatgagtgtcgtgcagcctccaggaccc
cccctcccgggagagccatagtggtctgcggaaccggggagtacaccggaattgcacagg
acgacgggtcctttcttggataagcccgctcaatgcctggagatttgggcgtgcccccgc
gagactgctagccgagtagtgttgtgtcgcgaaaggccttgtggtactgcctgatagggt
gctcgagagt
>s3
ttcacgcagaaagcgtctagccatggcgttagtatgagtgtcgtgcagcctccaggaccc
cccctcccgggag-gccatagaggtctgcggaaccggtgagtacaccggaattgccagga
cgaccgggtcctttcatggataagcccgctcaatgcctggagatttgggcgtgcccccgc
gagactgctagccgagtagtgttgggtcgcgaaaggccttgaggtactgcctgatagggt
gctcgagagt
>s4
ttcacgcagaaagcgtctagccatggcgttagtatgagtgtcgtgcagcctccaggaccc
cccctcccgggagagccatagtggtctgcggaaccggtgagtacaccggaattgccagga
cgaccgggtcctttcttggataagcccgctcaatgcctggagatttgggcgtgcccccgc
gagactgctagccgagtagtgttgggtcgcgaaaggccttgtggtactgcctgatagggt
gctcgagagt
