>s0
actctcgagcaccctatcaggcagtaccacaaggcctttcgcgacccagcactactcggc
ta-gcagtctcgcgggggctcgcccaaatctccaggcaccgagcgggttgatccaagaaa
ggacccggtcgtcctggcaattctggtgtactcac-cggttccgcagaccactatggatc
accggggagtgggggtcctggaggctgcccgacactcatactaacgccatggctagacgc
cttctgcgtgaa
>s1
actctcgagcaccctgtcaggcagtaccacaaggcctttcgcgacccaacactactcgga
taggcagtctcgcgggggcacgcccaaatctccaggcctcgagcgggttgatccaagaaa
ggaccccgtcgtcctggcaattccggtgttactcaccggttccgcagaccactatggctc
tcccgggggggggggtcctggaggctccacgacactcatactaacgccatggctagaggc
tttctgggtgta
>s2
actctcgagcagccgatcaggcagtacctcaaggcctttcgcgacccaaccctactcggc
ta-gcagtctcgcgggggcacgcccaaa-ctccaggcatagagcgggttgatccaagaaa
ggacccggtcgtcctggcaattccggtgtacacactcggttccgcagaccgctatggctc
tcccgggagggggggtcctggaggctgcacgacactcatactaacgccatggctagacgc
tttctgcgtgaa
>s3
actagcgagcaccctatcaggcagtaccacaaggcctttcgcgacccaacactactcggc
ta--ctgtctcgc-ggggcacgcccaaatctccaggcatcgcgcgggttgatccaagaaa
ggacccggtcgtcctggcaattccggtgtactcactcggttccgcagaccactatggcac
tcccgggaggggtggtccgggaggctgcactacactcatactaacgccatggctagatgc
tttctgcgtgaa
