>s0
tgagtgtcgaacagcctccaggaccccccctcccgggagagccatagtggtctgcggaac
cggtgagtacaccggaattgccgggatgaccgggtcgtttcttggataaacccgctcaat
gcccggagatttgggcgtgcccccgcgagactcctagccgagtagtgttgggtcgcgaaa
ggccttgtggtactgcctgatagggtgcttgcgagtgccccgggaggtctcgtagaccgt
gcaacatgagcacgaatcctaaacctcaaagaaaaaccaaaagaaacaccaaccg
>s1
tgagtgtcgaacagcctccaggaccccccctcccgggagagccatggtggtctgcggaac
cggtgagtacaccggaatggccgggatgaccgggtcctttcttggataaacccgctcaat
gcccggagatttgggcgtgcccccgcgagactgctagccgagtagtgttgggtcgcgaaa
ggccttgtggtactgcctgatagggtgcttgcgagtgccccggga-gtctcgtagaccgt
gcaacatgagcacgaatcctaaacctcaaagataaaccaaaagaaa-accaaccg
>s2
tgagtgtcgaacagcctccaggaccccccctcccggcagagccatagtggtctgcggaac
cggtgagtacaccggaattgccggcatgaccgggtcctttcttggataaacccgctcaat
gcccggagatttgggcgtgcccccgccagactgctagccgagtagtgttgggtcgcgaaa
ggccttgtggtactgcctgatagggtgcttgcgagtgccccgggaggtctcgtagaccgt
gcaccatgagcacgaatcctaaacctcaaagaaaaaccaaaagaaacaccaaccg
>s3
tgagtgtcgaacagcctccaggaccccccctcccgggagagccatagtggtctgcggaac
cggtgagtacaccggaattgccgggatgaccgggtcctttcttggataaacccgctcaat
gcccggagatttgggcgggcccccgcgagactgctagccgagtagtgttgggtcgcgaaa
ggccttgtggtactgcctgatagggtgcttgcgagtgccccgggaggtctcgtagaccgt
gcaacatgagcacgaatcctaaacctcaaagaaaaaccaaaagaaacaccaaccg
>s4
tgagtgtcgaacagcctccaggaccccccctcccgggagagccatagtggtctgcggaac
cggtgagtacaccggaattgcggggatgaccgggtcctttcttggataaacccgctcaat
gcccggagatttgggcgtgcccccgcgagactgctagccgagtagtgttgggtcgcgaaa
ggccttgtggtactgcctgataaggtgcttgcgagtgccccgggaggtctcgtagaccgt
gcaacatgagcacgaatcctaaacctcaaagaaaaaccaaaagaaacaccaaccg
