>s0
tgagtgtcgaacagcctccaggaccccccatcccgggagagccatagtggtctgcggaac
cgatgagtacaccggaattgccgggatgaccgggtcctttcttggataaccccgctcaat
gcccggagatttgggcgtgcccccgcgagactgatagccgagtagtgttgggtcgcgaaa
ggccttgtggtactgcctgatagggtgcttgcgagtgtcccgggaggtctcgtagaccgt
gcaacatgagcacgaatcctaaaacctcaaagaaaaaccaaaggaaacaccaaccg
>s1
tgagtgtcgaacagccttcaggaccccccctcccgggagagccattgtggtctgcggaac
cggtgagtacaccggaattgccgggatgaccgggtcctttcttggataaacccgctcaat
gcccggagatttgtgcgtgcccccgc-agactgatagccgagtagtgttgggtcgcgaaa
gggcttgtggtactgcctgatagggtgcttgcgagtgccccgggaggtctcgtagaccgt
gcaacatgagcatgaatcct-aaacctcaaagaaaaaccaaaagaaacaccaaccg
>s2
tgagtgtcgaacgg-ctccaggaccccccctcccgggagagccatagtggtctgcggaac
cggtgagtacaccggaattgccgggatgaccgggtcctttcttggatgaacccgctcaat
gcccggagatttgggcgtgcccccgcgagactgctagccgaatagtgttgggtcgcgaaa
ggccttgtggtactgcctgatagggtgcttgcgagtgccccgggaggtctcgtagaccgt
gcaacatgagcacgaatcct-aaacctcaaagaaaaaccaaaagaaacaccaaccg
>s3
tgagtgtcgaaaagcctccaggaccccccctcccgggagagccatagtggtctgcggaac
cggtgagtacaccggaattgccgggatgaccgggtcctttcttggataaacccgctcaat
gcccggagaattgggcgtgcccccgcgagactgctagccgagtagtgttgggtcgcgaaa
ggccttgtggtactgcctgata-ggtgcttgcgagtgccc--gggaggtccgtagaccgt
gcaacatgagcacgaatcct--aacttcaaagaaaaaccaaaagaaacaccaaccg
