>s0
ttcacgcagaaagggtctagccctggcgttagtatgagtgtcgtgcagcctccaggaccc
cccctcccgggagagccatagtggtctggggaaccggtgagtacaccggaattgccaaga
cgaccgggtcctttcttggatcaa-cccgctcgatgcctggagatttgggcgtgcccccg
cgagactgctagccgagtagtgttggg-tcgcgaaaggccttgtgctactgcctgatagg
gtgctcgagagt
>s1
-tcacgcagaaagcgtctagccatggcgtttgtatcaatctcgtgcagcctccaggaccc
cccctcccgggagagccatagtggtctgcggaaccggtgagtacacc-gaattgccagga
cgaccgggtcctttcttggatcaa-cccgctcgatgcctggagatttgggcgtgcccccg
cgagactgctagccgagtagtgttggg-tcgcgaaaggccttgtggtactgcctgatagg
gtgctcgagagt
>s2
ttcacgcagaaagcgtctagccatggcgttagtatgagtgtcgcgcagcctccaggaccc
cccctcccgggagagccatagtggtctgcggaacaggtgagtacaccggaattgccaggt
cgaccgggtcctttcttggataaaccccgctggatgcctggagatttgggcgtgcccccg
cgagactgctagccgagta-tgttggg-tggcgaaaggccttgtggtaatgcctgatagg
gtgctcgagagt
>s3
ttcactcagaaagcgtctagccatggcgctagtatgagggtcgtgcaccctccaggaccc
cccctcccgggagagccatagtggtctgcggaaccggtgagtacaccgaa--tgccagga
cgaccgcgtcctttcttggatcaa-cccgctcgatgcctggagatttgggcgtgcccccg
cgagactgctagccgagtagtgttgggttcgcgaaaggcgttgtggtactgcctgatagg
gtgctcgagagt
>s4
ttcacgcagaaagcgtctggccatggcgttagtatgagtgtcgagcagcctccaggaccc
cccctcccgggagagccatagtggtctgcggaaccggtgagtacaccggaattgccagga
cgaccgggtcctttcttggatcaa-ccctctcgatgcctggagatttgggcgtgcccccg
cgagactgctagccgagtagtgttggg-tcgcgaaaggccttgtggtac-gcctgttatg
gtgctcgagagt
