>s0
actcgcaagcacc-ctatcaggcagtaccacaaggcctttcgcgacccaacactactcgg
ctagtgatctcgcgggggcacgcccaaatttc-tgggtatggagcgggttgttccaagaa
aggacccggtcaccccagcgat-tccggtgtactcaccggttccgcagaccactatggct
ctccc--gggaggggtgggcctgggggctgcacgacactcatactaacgccatgg
>s1
actcgcaagcacc-ctatccggcagtaccagaaggcctttcgcgacccaacactactcgg
ctagtcatctcgcgggggcacgccaaaatttc-tgggtattgagcgggttgttccaagaa
aggacccggtcaccccagcgat-tccggtgtactcaccggttccgcagaccagtatggct
ctccc--gggaggggggggcctggtggccgcacgagactcatactaacgccatgg
>s2
actctcaagcacc-ctatcaggcagtaccacaaggcctttcgcgacccaacactactcgg
ctagtgatctcgcgggggcacgcccaaacttc-tgggtattgagcgggttgttccaagaa
aggacccggtcaccccagcgatgtccggtgtactcaccggttccgcagaccactatggct
cttcccgggaggggggcggcctggaggctgcacgaccctcatactaacgcgatgg
>s3
actcgcaagcacc-ctatcaggcagtactacaaggcctttcgcgacccaacactactcgg
ctagtgatctcgcgggggcacgcccaaatttcttgggtattgagcggctggttccaggaa
aggacccggtcaccccagcgat-tccggtgtactcaccggttccgcagaccactatggct
ctccc--gggaggggggggcctggaggctgcacgacactcatactaacgccatgg
>s4
actcgcaagcaccgctatcaggcagtaccacaaggcctttcgcgagccaacactactcgg
ctagtgatctcgcgggggcacgcccaaatttc-tcggtattgagcgggttgttccaagaa
aggacccggtcaccccaacgat-tccggtgtactcactggttccgcagaccactatggct
cgccc--gggaggggggggcctggaggctgcacgacacacatactaacgccatgg
>s5
actcgcaagcacc-ctatcaggcagtaccacaaggcctttcgcgacccaacactactcgg
ctagtgatctcgcgggggcacgccccaatttc-tgggtattgagcgggttgttccaagaa
aggacccggtcaccccagcgat-tccggtgtactcaccggttccgcagaccactatggct
ctccc--gggaggggggcgcctggaggctgcacgacactcatactaacgccatgg
