>s0
a-ctcccgagaccctatcaggcagtaccacaa-tgccttcgcgacccaacactactcggc
tagcagtctcgc-tgggcacgcccaaatctccaggcattgagcgcgctttatccaagaaa
ggacccggtcgtcctggcaattccggagtactaccaccggttccgcggaccactatggct
ctcccgggagggggggtcctggaggctgcacgacactcatactaacgccagggctagacg
atttctgcgtgaa
>s1
actttcgagcaccctatcaggtagtacctcaagggctttcgcgacccaacactacccggc
tagcagtctcgcgggggcacgcccaaatctccaggcattaagctagc-taatccaagaaa
ggacccggtcgtcctggcatttctgctgtact--caccagttccgcag-ccactatgact
ctcccgggagggggggtcctggatgctgcacgacactcatactaacgcca-tgctagacg
ctttctgcgtgaa
