>s0
actctcgagcaccctatcaggcagtaccacaaggcctttcgcgacccaacactactcggc
tagcagtctcgcgggggcacgcccaaatctccaggcattgagcgggcttatccaagaaag
gacccggtcgtcctggcaattccggtgtactcaccggttccgcagaccactatggctctc
ccgggagggggggtcctggaggctgcacgacactcatactaacgccatggctagacgctt
tctgcgtgaa
>s1
actcttgagcaccctatcaggcagtaccacaaggcctttcgcgacccaacactactcggc
tagcagtctcgcgggggcacgcccgaatctccaggcattgagcggtcttatccaagaaag
gacccggtcgtcctggcaattccggtgtactcaccggttccgcagaccactatggctctc
ccgggagggggggtcctggaggctgcacgacactcatactaacgccatggctagacgctt
tctgcgtgaa
>s2
actctcgagcaccctatcaggcagtaccacaaggcctttcgcgacccaacactactcggc
tagcagtctcgcgggggcacgcccaaatctccaggcattgagcgggcttatccaagaaag
gacccggtcgtcctggcaattccggtgtactcaccggttccgcagaccactatggctctc
ccgggagggggggtcctggaggctgcacgacactcatactaacgccatggctagacgctt
tctgcgtgaa
