>s0
tgagtgtcgaacaacctccaggaccccccctcccgtggagagccatagtggtctgcggaa
ccgatgagtacaccggaattgccgggatgaccgggtcctttcttg-gataaacccgctca
atgcccggaga-tttgggcgtgcccccgcgagactgctagccgagtagtgttgggtcgcg
aaaggccttgtggtactgcctgatagggtgcttgcgagtgctcc-ggaggtctcgtagac
cgtgcaacatgagcacgaatcctaaacctc-aagaaaaaccaaaagaaacaccaaccg
>s1
tgagtgtcgaacagcctccaggaccccccctcccg-ggagagccatagtggtctgcggaa
ccggtgagtacaccggaattgccgggatgaccgggtcttttgtt--gataaacccgctca
acgcccggaga-tttgggcgtgcccccgcgagactgctagccgagtagggttgggtcgcg
aaaggccttgtgg-actgcctgatagggtgcttgcgaatgccccgggaggtctcgtagac
cgtgcaacatgagcacgaatcctaaacctcaaagaaaaaccaaaagaaacaccaaccc
>s2
tgagtgtcgaacagcctccaggacccccactcccg-ggagagccatagtggtctgcggaa
ccggtgagtacaccggaattgccgggatgaccgggttctttcttgagataaacccgctca
atgcccggagattttgggcgtgcccccgcgagactgctagccgaatagtgttgggtcgcg
aaaggccttgtggtactgcctgatagggtgcttgcaagtgccccgggaggtctcgtagac
cgtgcatcatgagcacgaatcctaaacctcaaagaaaaaccaatagaaacaccaacgg
>s3
tgagtgtcgaacagcctccaggaccccccctcccg-ggagagacatagtggtctgcggaa
ccggtgggtacaccggaattgccgggatgaccgggtcctttcttg-gataaacccgctca
atgcccggaga-tttgggcgtgcccccgcgagactgctagccgagtagtgttgggtcgcg
aaaggccttgtggtactgccggatagggtgcttgcgagtgccccgggaggtctcgtatac
cgtgcaacatgagcacaaatcctaaacctcaaagaaaaaccaaaagaaacaccaaccg
