>s0
tgagtg-tgaacagcctccaggacccccccgcccgggagag-ccgtagtggtccgcggaa
ccggtgagtacaccggaattgccgggatgaccgggtcctttcttggataaacccgctcaa
tgccaggagatttgggcgtgcccccgcgagactgttagccgagtagtgttgggtcgcgaa
aggccttgtggtactgcctgata-ggtgcgtgcgagtgccccgggaggtctcgtagaccg
-tgcaacatgagc-acgaatcctaaacctcaaagaaaaaccaaaagaaacacccaaccg
>s1
-gagtgtcgaacagcctccagaaccccccctcccgggagagaccatagtggtctgcggaa
ccggtgagtacaccggaactgccgggatgaccgggtcctttcttggat-aacccgatcaa
tgcccggagatttgggcgggcccccgcgagcctgctagccgagtagggttgggtcgcgaa
aggccttgtggtactgcctgatagggtgcttgcgagtgccccgggaggtctcgtaggccg
-tgcaacatgagcaacgaaccgtaaacctcaaagaaaaaccaaaagaaacgaccaaccg
>s2
tgagtgtcgaacagcctccaggaccccccctcccgggagag-ccatagtggtctgcgtaa
ccggtgagtacaccggaatcgccgggacgaccgggtcctttcttggataaacccgctcaa
tgcccggagatttgggcgtgcccccgcgagactgctagccgagtagtgttgggtcgcgaa
aggccttgtggtactgcctgatagggtgcttgcgagtgcccggggaggtctcgtagaccg
ctgcaacatgagc-acgaatcctaaacctcaaagaaaaaggaaaagaaaca-ccaaccg
>s3
tgagtgtcgaacagcctccaggacgccccctcccgggagag-ccatagtggtctgcggaa
ccggtcagtacaccggaattgccgcgatgaacgggttctttcttggataaacccgctcaa
tgcccggagacttgggtgtgcccccgcgagactgctagccgcgtagtgttgggtcgcgaa
aggccttgtggtactgcctgatagggtgc-tgcgagtgctcccgggagtctcgtacaccg
-tgcaacattagc-ccgaatcccaaacctcaaagaaaaacgaaaagaaaca-ccaaccg
