>s0
atagatcactcccctgtgaggaactactgtattcacgcagaaagcgtctagccatggcgt
tagtatgagtgtcgtgcagcctccaggaccccccctcacgggagagccatagtggtctgc
ggaaccggtgagtacaccggaattgccaggacgaccgggtcctttcttgga-tcaacccg
ctcaatgcctggagatttgggcgtgcccccgcgagaccgctagccgagtagtgttgggtc
gcgaaaggccttgtggtactgcctgatagggtgcttgcgagtgccccgggaggtctcgta
gaccgtgcaccatgagcacgaatcctaaacctcaaagaaaaaccaaacgtaacaccaacc
g
>s1
atagatcactcccctgtgaggaactactgtcttcacgcagtaagcgtctagccatggcgt
tagtatgagtgtcgtgcagcctccaggaccccccctcccgggaaagccatagtggtctgc
ggaaccggtgagtacaccggaattgccaggacgaccgggtcctttcttgggatcaaccag
ctcaatgcctggagatttgggcgtgcccccgcgagaccgctagccgagtagtgttgggtc
gcgaaaggccttgtggtactgcctgatagggtgcttgcgagtgccccgggaggtctcgta
gaccgtgcaccatgagcacgaatcctaaacctcaaagaaaaaccaaacgtaacaccaacc
g
>s2
atagatcactcccctgtgaggaacaactgtcatcacgcagaaagcgtctagccatggcgt
tagtatgagtgtcgtgcagcctccaggaccccccctcccgggagagccatagtggtctgc
ggaaccggtgagtacaccggaattgccaggacgaccgggtcctttcttgga-tcaacccg
ctcaatgcctggagatttgggcgtgcccccgcgagagcgctagccgagtagtgttgggtc
gcgaaaggccttgtggtactgcctgatagggtgcttgcgagtgccccgggaggtctcgta
gaccgtgcaccatgagcacgaatcctaaacctcaaagaaaaaccaaacgtaacaccaacc
g
>s3
atagatcactcccctgtgaggaactactgtcttcacggagaaagcgtctagccatggcgt
tagtatgagtgtcgtgcagcctccaggaccccccctcccgagagagccatagtggtctgc
ggaaccggtgagtacaccggaattgccaggacgaccgggtcctttcttggagtcaacccg
ctcaatgcctggagatttgggcgtgcccccgcgagaccgctagccgagtagtgttgggtc
gcgaaaggccttgtggtactgcctgatagggtgcttgcgagtgccccgggaggtctcgta
gaccgtgcaccatgagcacgaatcctaaacctcaaagaaaaaccaaacgtaacaccaacc
g
