>s0
a-ctcgcaagcaccct-atcaggcagtacc-ac-aaggcctttcgcgacccaacactact
cggctagtgatctcgcgggggcacg-cccaaattactgggtattgagcgggttgttccaa
ga-aaggatccggtcaccccagcgattctggtgtactcacgggttcca-caaaccactat
ggctctcccgggaggg-gggggcctggagg-ctgcacgaca-ctcatactaacgcc-atg
a
>s1
a-ctcgcaagcaccct-atcgggcagtacc-ac-aaggcctttcgcgacccaacactact
cggctagtgatctcgcgggggcacg-cccaaatttctgggtattgagcgggttgttccaa
ga-aaggacccggtcaccccagcgattccggtgtactcaccggtgccg-cagaccactat
ggctctcccgtgaggg-ggggggccggaga-ctgcacgaca-ctcatactaacgcc-atg
g
>s2
a-ctcgcaagcaccct-atcaggcactacc-acaaaggcctttcgcgacccaacacaact
cggctagtgatctagcgggggcacg-cccaaatttctgggtattgagcgggttgttccaa
ga-aaggacccggtcaccccagcgattccggtgtactcacaggttcgg-cagaccactat
ggctatctcgggagggagggggcctggagg-ctgcacgaca-ctcatgctaacgcc-atg
g
>s3
a-ctcgcaagcaccctgatcaggcagtacctac-aaggcctttcgcgacccaacactacg
cggctagtgatatcgcgggggcacg-cccaaatttctgggtatcgagcaggttgttccaa
ga-aaggacccggtcaccccagcgattccggtgtactcaccggttccgccagaccactat
ggctctcccgggaggg-gggggcctgaagg-ctgcacgaca-ctcatactaacgcc-atg
g
>s4
actccgcaagcaccct-atcaggcagtacc-at-aaggcctttcgcgagccaacactact
cggctagtgatctcgcgggggcacgccccaaatttctgggtattgagcgggttattccaa
gacaaggacccggtcaccccagcgattccggtgtactcaccggttccg-cagaccactat
ggctctcccgggaggg-gggggcctggagg-ctgcacgacagctcatactaacgcccatg
g
>s5
a-ctcgcaagcaccct-ataaggcagtaac-ac-aaggcctttcgcgacccaacactact
cggctagtgaactcgcgggggaacg-cccaaatttcggggtattgagcgggttgttccaa
ga-aaggacccggacaccccagcgattccggtgtactcaccggttccg-cagaccgctat
gcctctcccgggaggg-gggggcctgggagtctgcacgaca-ctcatactaacgcc-atg
g
