>s0
ccatggcgttagtatgagtgtagtgcagcctccaggcccccccctcccgggagagccata
gtggtctgcagaacaggtgcgtacaccaggaatcgctggggtgaccgggacctttcttgg
aacaacccgctcaatacccagaagtttgggcgtgccccccgccagatcactagccgagt-
agtgttgggtcgcgaaaggccttgtgagtggtgccggatagtgtgctt-gcgagt
>s1
ccagggcgttagtatgagtgtcctgcagcctccaggcccccccc-cccgggagagccata
gtggtctgcggaaccggtgagtacacc-ggaatcgctggggtgaccgggtcctttcttgg
aacaacccgctcaatactcagaaatttgggcgtg-cccccgcgagatcactagccgagt-
agtgttgggtcgcgaaaggccttgtg-gtactgcctgatagggtgctt-gcgagt
>s2
ccatggcg-tagtatgagtgtcgtgtagcctccaggcccccccctcccgggagagacata
gtgatctgccgaaccggtgagtacacc-ggaatcgctggggtgaccgggtcctttcttgg
aacaaccggctcaatacccagaaatttgggcgtg-ccgccgcgagatcactagccg-gt-
agtgttgggtcgcgaaaggccttgta-gtaccgcctgatagggtgccttgcgagt
>s3
ccatggcgctagtatgagtgtcgtgcagcctccaggcccccccctcccgggagagccata
gtggtctgcggaaccggcgagtacgcc-ggaatcgctggggtgaccgggtcctttcttgg
aacaacccgctcaataccca-aaatttgggcgtg-cccccgcgagttcactagccgagta
agtgttgggtcgcgaaaggccttgtg-gtactgcctgatagggtgctt-gcgagt
