>s0
ccatggc-gttagtatga-gtgtcgtgcagcctccaggcccccccctcgccgggagagcc
atagtggtctg-cggaaccggtgagtacaccggaatcgctggggtgaccgg-gtcctttc
ttggaacaacccg-ctcaatacccagcaatttgagcgtgcccccccgagatcactagccg
agtagtgttgggtcgcgaaaggccttgtggtactgcctgatagggtgcttgcgagt
>s1
ccatggc-gttagtatga-gtgtcttgcagcctccaggcccccccctc-cagggagagcc
atagtggactg-cggaaccggtgagtacaccggaattactggggtgaccggtgtccttta
ttggaaaaacccg-ctcaatacccagaaatttggtcgtgcccccgcgag-tcactagccg
agtagtgttgggtcgcg-aaggccttctggtactgcctgatatggagcttgcgagt
>s2
ccatggc-gttagtatgaggtgtcgtgcagcctccgggccccccactc-ccgggagagcc
ttagtggtctg-cggaaccggtgagtacaccggaatcgctggggtgaccgg-gtgctttc
ttggaacaacccg-ctcaatactcagaaatttgggcgtgcccccgcgagatcactaccag
agtagtgtagggtcgcgaaaggccttgtggtactgcctgatagggtgcttgcgagg
>s3
ccatggc-gttagtatga-gtgtcgtgcagcctccaggccccccccctccggggagagcc
atagtggtctgccggaaccggtgattacaccggaatcgctggggtgagcgg-gtcctttc
ttggaacaaccct-ctcaatccccagaaatttgggcgtgcccccgcgagatcactagccg
agtagtgtagggacgcgaaaggccttgtggtactgcctgatagggtgcttgtgagt
>s4
ccatggcagttagtatga-gtatcgtgcagcctccaggcccccccctc-ccgggagagcc
atagtgg-ctg-cggaaccggtgattacaccggaaccgctggggtgaccgt-gtcctttc
ttggaacaacccgtctcaatacccagaattttgggcgtgcccccgcgagatcactagcgg
agtagaattgggtagcgaaaggccttgtggtactgcctgaaaggctgcttgcgagt
>s5
ccatggc-gttattatga-gtgtcgtgcagcctccaggcccccccctc-ccgggagagcc
atagtggtctg-cgaaaccggggagtacaccggaatcgctggggtgcccgg-gtcctttc
ctggaacaccccg-ctcaatacccaaaaatttgggcgtgcccccgcgagctcactagccg
tgtagtgttgggtcgcgaaagcccttgtggtactgcctgatagggtgcttgcgagt
