>s0
actctcgatcaccctatcaggcagtaccaca-agccctttcccgtcccaacactactcgg
ctagcagtctcgcggg-ggcacgcccaaaccatccaggc-actcagcgggcttatccaag
aaagggccc-gctcgtcctggcaattccggtgtactcaccggtt-ggcagaccactatgg
ctctccccgagagggggggtcctggaggctgcacgatactcataccaacgccatggctag
acgctttctgcttgaa
>s1
acactcgacctccctatcaggtagtaccaaataggcctttcgcgaccctacactactcgg
cta-cagtctcgcgggcggcacg-ccgaaatctccatgc-attgagcgggcttatccaag
aaaggacccgggtcgtcatggcgcttccggtgtacttaccggttccgtagaccactatgg
ctctgcc--ggggcgggggtcctggaagctgcacgacactcatactaacgccatggctag
acgctttctgcgtgaa
>s2
actctcgag-agcctatcaggcagtaccaca-aggccttttgcaacccaacactactctg
ctagcagtctcgcggg-ggc-ct-ccaaaatctccaggcatgtgagcgggcttatccaag
aaagggccg-ggtcgtactggcaatt-cggtgtactccccggttccgcagaccactatgg
ctctccc-gggaggggaagtcctggaggctgcacgacactgatactaacgccatggctag
acgctttctgcgttaa
>s3
acgctcgagcacactatcaggcattaccaca-aggcctttcgcgacccaacactactagg
ctagcagtctcacggg-ggaacg-cccgaatctccaggcaattgagcgggcttatccgag
aaaggaccc-ggtcggcctggcaattccgatgtactcaccggtaccgcagcccactatgg
gtcgccc---gggaggggggtctggaagctgcaggacactcatactaacgccatggctag
acgctttctctgtgaa
