>s0
ccatgtcgtta-gcatgagtgtcgtgcagcgtcgaggccctcccctcccgggagaggcat
actggtctacgcgagcggtgagtacaccggaatcgctgcggtgaccg-ggtcctttcttg
gaacaacccgctctatacccagaaatttgggcgtg-ccccctggtatcactagccgagca
g-tgttggagtcgcaaaaggctcgtggtactgccagata-ggtgcttgcgagt
>s1
ccgtggcgttatgtatgagtgtcgtgcagcctgcaggccccccctcccgggcg-agccat
cgtggtctgcggaaccggtgagtacaccggaatcgctggggagactgtggtcctttcttg
gaacaaccctctcactacccagaaattagggcgtgcccccgccagatcagcagccgcgta
gttgttgggtggcgaaaggccttgtggtactgcctgatagggtgctggcgagt
>s2
ccatggcgtta-gtataagtgtcgtgcagcctccaggccccccctcctgggtgtaaccat
agtggtctgttgaaccggtgagtagaccggaatcgcgggggtgaccg-ggtcc-ttcttg
gaccaacccgcacaatacccagaattttgcgcatg-ccccgcgagatcactagccgagta
g-tgatgggtcgtgaaagggcgtgtggtactgcctgatagggtgcttgcgagt
