>s0
tgcgtgtcgc-tcatcctccagca--ccccccctccgggagagccatagtggtctgcgca
--ccggtgagtacaccgcgaattgccgggat---gatcgcgtcctttcttcggtaaaccc
gatcaatgcccggagagttgggcgtgacccccgcgagactgctaagccgagtactgttgg
gtctcgaaaggccttgtggtaatgcctgatagggtgcttgcgagtgccccgggagagtct
cgtagaccgttcaaca-gctgcacgaatcctaaa-ctcaaagaaaaaccaaaataaacac
caaaccg
>s1
ggagtgtcga-acagcctccaggaaccccccctcccgggagagccatagtggtcggggaa
--ccggtgagtgcaccg-gaattgccgtgat---gaccggatcctttcttggataaacgc
gctcttgcccgtgagatttgggcgtg-ccaccgcgagacctgctagccgagtaagtgctg
gtcg-ggcaagccttgtggtactacctgatagggtgcctgcgagtgcccccgggaggtct
cttagaccgtgcaacatgaggcacaaatcctaaacctcaaagataaaccaaaagaaacag
c-aaccg
>s2
tgagtgtcgacacagactccaggatccccccctcccgggagagccatagtggtctgcgga
acctggtgagtacaccg-gaattgtcaggatcgacgccggtacctttcttggataaaccc
actcaatgcccggagg-ttgggcgag-ccccggcgagactgcc-aaccgagtagtgttgg
gtcgcaaaaggccttgtggtactgcctgaaaggatgcttgcgagtgcccc-gggagttct
cgtagaccgtgcgaca-ggagaatcaatcttaaacctcaaagaaaaaccaacagtaaacg
ccaaccg
